Token(IDENTIFIER           'from')
Token(IDENTIFIER           '__future__')
Token(IDENTIFIER           'import')
Token(IDENTIFIER           'annotations')
Token(IDENTIFIER           'import')
Token(IDENTIFIER           'json')
Token(IDENTIFIER           'from')
Token(STRUCTURE            'enum')
Token(IDENTIFIER           'import')
Token(IDENTIFIER           'Enum')
Token(SEPARATOR            ',')
Token(STORAGE_CLASS        'auto')
Token(IDENTIFIER           'from')
Token(IDENTIFIER           'dataclasses')
Token(IDENTIFIER           'import')
Token(IDENTIFIER           'dataclass')
Token(SEPARATOR            ',')
Token(IDENTIFIER           'field')
Token(IDENTIFIER           'import')
Token(IDENTIFIER           'os')
Token(IDENTIFIER           '_HERE')
Token(SEPARATOR            '=')
Token(IDENTIFIER           'os')
Token(OPERATOR             '.')
Token(IDENTIFIER           'path')
Token(OPERATOR             '.')
Token(IDENTIFIER           'dirname')
Token(SEPARATOR            '(')
Token(IDENTIFIER           'os')
Token(OPERATOR             '.')
Token(IDENTIFIER           'path')
Token(OPERATOR             '.')
Token(IDENTIFIER           'abspath')
Token(SEPARATOR            '(')
Token(IDENTIFIER           '__file__')
Token(SEPARATOR            ')')
Token(SEPARATOR            ')')
Token(IDENTIFIER           '_DEFAULT_KW')
Token(SEPARATOR            '=')
Token(IDENTIFIER           'os')
Token(OPERATOR             '.')
Token(IDENTIFIER           'path')
Token(OPERATOR             '.')
Token(IDENTIFIER           'join')
Token(SEPARATOR            '(')
Token(IDENTIFIER           '_HERE')
Token(SEPARATOR            ',')
Token(SEPARATOR            '"')
Token(STRING               'keywords.json')
Token(SEPARATOR            '"')
Token(SEPARATOR            ')')
Token(IDENTIFIER           'class')
Token(IDENTIFIER           'TokenType')
Token(SEPARATOR            '(')
Token(IDENTIFIER           'Enum')
Token(SEPARATOR            ')')
Token(SEPARATOR            ':')
Token(IDENTIFIER           'INTEGER')
Token(SEPARATOR            '=')
Token(STORAGE_CLASS        'auto')
Token(SEPARATOR            '(')
Token(SEPARATOR            ')')
Token(IDENTIFIER           'FLOAT')
Token(SEPARATOR            '=')
Token(STORAGE_CLASS        'auto')
Token(SEPARATOR            '(')
Token(SEPARATOR            ')')
Token(IDENTIFIER           'STRING')
Token(SEPARATOR            '=')
Token(STORAGE_CLASS        'auto')
Token(SEPARATOR            '(')
Token(SEPARATOR            ')')
Token(IDENTIFIER           'CHAR')
Token(SEPARATOR            '=')
Token(STORAGE_CLASS        'auto')
Token(SEPARATOR            '(')
Token(SEPARATOR            ')')
Token(IDENTIFIER           'IDENTIFIER')
Token(SEPARATOR            '=')
Token(STORAGE_CLASS        'auto')
Token(SEPARATOR            '(')
Token(SEPARATOR            ')')
Token(IDENTIFIER           'KEYWORD')
Token(SEPARATOR            '=')
Token(STORAGE_CLASS        'auto')
Token(SEPARATOR            '(')
Token(SEPARATOR            ')')
Token(IDENTIFIER           'CONTROL_FLOW')
Token(SEPARATOR            '=')
Token(STORAGE_CLASS        'auto')
Token(SEPARATOR            '(')
Token(SEPARATOR            ')')
Token(IDENTIFIER           'TYPE_SPECIFIER')
Token(SEPARATOR            '=')
Token(STORAGE_CLASS        'auto')
Token(SEPARATOR            '(')
Token(SEPARATOR            ')')
Token(IDENTIFIER           'TYPE_QUALIFIER')
Token(SEPARATOR            '=')
Token(STORAGE_CLASS        'auto')
Token(SEPARATOR            '(')
Token(SEPARATOR            ')')
Token(IDENTIFIER           'STORAGE_CLASS')
Token(SEPARATOR            '=')
Token(STORAGE_CLASS        'auto')
Token(SEPARATOR            '(')
Token(SEPARATOR            ')')
Token(IDENTIFIER           'STRUCTURE')
Token(SEPARATOR            '=')
Token(STORAGE_CLASS        'auto')
Token(SEPARATOR            '(')
Token(SEPARATOR            ')')
Token(IDENTIFIER           'MEMORY')
Token(SEPARATOR            '=')
Token(STORAGE_CLASS        'auto')
Token(SEPARATOR            '(')
Token(SEPARATOR            ')')
Token(IDENTIFIER           'PREPROCESSOR_KW')
Token(SEPARATOR            '=')
Token(STORAGE_CLASS        'auto')
Token(SEPARATOR            '(')
Token(SEPARATOR            ')')
Token(IDENTIFIER           'BUILTIN_FUNCTION')
Token(SEPARATOR            '=')
Token(STORAGE_CLASS        'auto')
Token(SEPARATOR            '(')
Token(SEPARATOR            ')')
Token(IDENTIFIER           'BUILTIN_TYPE')
Token(SEPARATOR            '=')
Token(STORAGE_CLASS        'auto')
Token(SEPARATOR            '(')
Token(SEPARATOR            ')')
Token(IDENTIFIER           'C')
Token(INTEGER              '11')
Token(IDENTIFIER           '_KEYWORD')
Token(SEPARATOR            '=')
Token(STORAGE_CLASS        'auto')
Token(SEPARATOR            '(')
Token(SEPARATOR            ')')
Token(IDENTIFIER           'SEPARATOR')
Token(SEPARATOR            '=')
Token(STORAGE_CLASS        'auto')
Token(SEPARATOR            '(')
Token(SEPARATOR            ')')
Token(IDENTIFIER           'OPERATOR')
Token(SEPARATOR            '=')
Token(STORAGE_CLASS        'auto')
Token(SEPARATOR            '(')
Token(SEPARATOR            ')')
Token(IDENTIFIER           'SPECIAL')
Token(SEPARATOR            '=')
Token(STORAGE_CLASS        'auto')
Token(SEPARATOR            '(')
Token(SEPARATOR            ')')
Token(IDENTIFIER           '_JSON_KEY_TO_TYPE')
Token(SEPARATOR            ':')
Token(IDENTIFIER           'dict')
Token(SEPARATOR            '[')
Token(IDENTIFIER           'str')
Token(SEPARATOR            ',')
Token(IDENTIFIER           'TokenType')
Token(SEPARATOR            ']')
Token(SEPARATOR            '=')
Token(SEPARATOR            '{')
Token(SEPARATOR            '"')
Token(STRING               'control_flow')
Token(SEPARATOR            '"')
Token(SEPARATOR            ':')
Token(IDENTIFIER           'TokenType')
Token(OPERATOR             '.')
Token(IDENTIFIER           'CONTROL_FLOW')
Token(SEPARATOR            ',')
Token(SEPARATOR            '"')
Token(STRING               'type_specifier')
Token(SEPARATOR            '"')
Token(SEPARATOR            ':')
Token(IDENTIFIER           'TokenType')
Token(OPERATOR             '.')
Token(IDENTIFIER           'TYPE_SPECIFIER')
Token(SEPARATOR            ',')
Token(SEPARATOR            '"')
Token(STRING               'type_qualifier')
Token(SEPARATOR            '"')
Token(SEPARATOR            ':')
Token(IDENTIFIER           'TokenType')
Token(OPERATOR             '.')
Token(IDENTIFIER           'TYPE_QUALIFIER')
Token(SEPARATOR            ',')
Token(SEPARATOR            '"')
Token(STRING               'storage_class')
Token(SEPARATOR            '"')
Token(SEPARATOR            ':')
Token(IDENTIFIER           'TokenType')
Token(OPERATOR             '.')
Token(IDENTIFIER           'STORAGE_CLASS')
Token(SEPARATOR            ',')
Token(SEPARATOR            '"')
Token(STRING               'structure')
Token(SEPARATOR            '"')
Token(SEPARATOR            ':')
Token(IDENTIFIER           'TokenType')
Token(OPERATOR             '.')
Token(IDENTIFIER           'STRUCTURE')
Token(SEPARATOR            ',')
Token(SEPARATOR            '"')
Token(STRING               'memory')
Token(SEPARATOR            '"')
Token(SEPARATOR            ':')
Token(IDENTIFIER           'TokenType')
Token(OPERATOR             '.')
Token(IDENTIFIER           'MEMORY')
Token(SEPARATOR            ',')
Token(SEPARATOR            '"')
Token(STRING               'preprocessor_keyword')
Token(SEPARATOR            '"')
Token(SEPARATOR            ':')
Token(IDENTIFIER           'TokenType')
Token(OPERATOR             '.')
Token(IDENTIFIER           'PREPROCESSOR_KW')
Token(SEPARATOR            ',')
Token(SEPARATOR            '"')
Token(STRING               'builtin_function')
Token(SEPARATOR            '"')
Token(SEPARATOR            ':')
Token(IDENTIFIER           'TokenType')
Token(OPERATOR             '.')
Token(IDENTIFIER           'BUILTIN_FUNCTION')
Token(SEPARATOR            ',')
Token(SEPARATOR            '"')
Token(STRING               'builtin_type')
Token(SEPARATOR            '"')
Token(SEPARATOR            ':')
Token(IDENTIFIER           'TokenType')
Token(OPERATOR             '.')
Token(IDENTIFIER           'BUILTIN_TYPE')
Token(SEPARATOR            ',')
Token(SEPARATOR            '"')
Token(STRING               'c11_keyword')
Token(SEPARATOR            '"')
Token(SEPARATOR            ':')
Token(IDENTIFIER           'TokenType')
Token(FLOAT                'C11')
Token(IDENTIFIER           '_KEYWORD')
Token(SEPARATOR            ',')
Token(SEPARATOR            '}')
Token(IDENTIFIER           'dataclass')
Token(IDENTIFIER           'class')
Token(IDENTIFIER           'Token')
Token(SEPARATOR            ':')
Token(IDENTIFIER           'type')
Token(SEPARATOR            ':')
Token(IDENTIFIER           'TokenType')
Token(IDENTIFIER           'value')
Token(SEPARATOR            ':')
Token(IDENTIFIER           'str')
Token(IDENTIFIER           'def')
Token(IDENTIFIER           '__repr__')
Token(SEPARATOR            '(')
Token(IDENTIFIER           'self')
Token(SEPARATOR            ')')
Token(OPERATOR             '->')
Token(IDENTIFIER           'str')
Token(SEPARATOR            ':')
Token(CONTROL_FLOW         'return')
Token(IDENTIFIER           'f')
Token(SEPARATOR            '"')
Token(STRING               'Token({self.type.name:<20} {self.value!r})')
Token(SEPARATOR            '"')
Token(IDENTIFIER           'class')
Token(IDENTIFIER           'Lexer')
Token(SEPARATOR            ':')
Token(SEPARATOR            '"')
Token(STRING               '')
Token(SEPARATOR            '"')
Token(SEPARATOR            '"')
Token(STRING               '\n    Single-pass lexer for C source code.\n\n    Parameters\n    ----------\n    source       : raw C source text\n    keyword_file : path to a keywords.json file (optional).\n                   When provided, identifiers are reclassified according to\n                   the categories defined in that file.\n    ')
Token(SEPARATOR            '"')
Token(SEPARATOR            '"')
Token(STRING               '')
Token(SEPARATOR            '"')
Token(IDENTIFIER           'def')
Token(IDENTIFIER           '__init__')
Token(SEPARATOR            '(')
Token(IDENTIFIER           'self')
Token(SEPARATOR            ',')
Token(IDENTIFIER           'source')
Token(SEPARATOR            ':')
Token(IDENTIFIER           'str')
Token(SEPARATOR            ',')
Token(IDENTIFIER           'keyword_file')
Token(SEPARATOR            ':')
Token(IDENTIFIER           'str')
Token(OPERATOR             '|')
Token(IDENTIFIER           'None')
Token(SEPARATOR            '=')
Token(IDENTIFIER           'None')
Token(SEPARATOR            ')')
Token(SEPARATOR            ':')
Token(IDENTIFIER           'self')
Token(OPERATOR             '.')
Token(IDENTIFIER           'source')
Token(SEPARATOR            '=')
Token(IDENTIFIER           'source')
Token(IDENTIFIER           'self')
Token(OPERATOR             '.')
Token(IDENTIFIER           'pos')
Token(SEPARATOR            '=')
Token(INTEGER              '0')
Token(IDENTIFIER           'self')
Token(OPERATOR             '.')
Token(IDENTIFIER           'tokens')
Token(SEPARATOR            ':')
Token(IDENTIFIER           'list')
Token(SEPARATOR            '[')
Token(IDENTIFIER           'Token')
Token(SEPARATOR            ']')
Token(SEPARATOR            '=')
Token(SEPARATOR            '[')
Token(SEPARATOR            ']')
Token(IDENTIFIER           'self')
Token(OPERATOR             '.')
Token(IDENTIFIER           '_word_map')
Token(SEPARATOR            ':')
Token(IDENTIFIER           'dict')
Token(SEPARATOR            '[')
Token(IDENTIFIER           'str')
Token(SEPARATOR            ',')
Token(IDENTIFIER           'TokenType')
Token(SEPARATOR            ']')
Token(SEPARATOR            '=')
Token(SEPARATOR            '{')
Token(SEPARATOR            '}')
Token(CONTROL_FLOW         'if')
Token(IDENTIFIER           'keyword_file')
Token(SEPARATOR            ':')
Token(IDENTIFIER           'self')
Token(OPERATOR             '.')
Token(IDENTIFIER           '_load_keywords')
Token(SEPARATOR            '(')
Token(IDENTIFIER           'keyword_file')
Token(SEPARATOR            ')')
Token(IDENTIFIER           'def')
Token(IDENTIFIER           '_load_keywords')
Token(SEPARATOR            '(')
Token(IDENTIFIER           'self')
Token(SEPARATOR            ',')
Token(IDENTIFIER           'path')
Token(SEPARATOR            ':')
Token(IDENTIFIER           'str')
Token(SEPARATOR            ')')
Token(OPERATOR             '->')
Token(IDENTIFIER           'None')
Token(SEPARATOR            ':')
Token(IDENTIFIER           'with')
Token(IDENTIFIER           'open')
Token(SEPARATOR            '(')
Token(IDENTIFIER           'path')
Token(SEPARATOR            ',')
Token(IDENTIFIER           'encoding')
Token(SEPARATOR            '=')
Token(SEPARATOR            '"')
Token(STRING               'utf-8')
Token(SEPARATOR            '"')
Token(SEPARATOR            ')')
Token(IDENTIFIER           'as')
Token(IDENTIFIER           'f')
Token(SEPARATOR            ':')
Token(IDENTIFIER           'data')
Token(SEPARATOR            ':')
Token(IDENTIFIER           'dict')
Token(SEPARATOR            '=')
Token(IDENTIFIER           'json')
Token(OPERATOR             '.')
Token(IDENTIFIER           'load')
Token(SEPARATOR            '(')
Token(IDENTIFIER           'f')
Token(SEPARATOR            ')')
Token(CONTROL_FLOW         'for')
Token(IDENTIFIER           'json_key')
Token(SEPARATOR            ',')
Token(IDENTIFIER           'words')
Token(IDENTIFIER           'in')
Token(IDENTIFIER           'data')
Token(OPERATOR             '.')
Token(IDENTIFIER           'items')
Token(SEPARATOR            '(')
Token(SEPARATOR            ')')
Token(SEPARATOR            ':')
Token(CONTROL_FLOW         'if')
Token(IDENTIFIER           'json_key')
Token(OPERATOR             '.')
Token(IDENTIFIER           'startswith')
Token(SEPARATOR            '(')
Token(SEPARATOR            '"')
Token(STRING               '_')
Token(SEPARATOR            '"')
Token(SEPARATOR            ')')
Token(SEPARATOR            ':')
Token(CONTROL_FLOW         'continue')
Token(IDENTIFIER           'token_type')
Token(SEPARATOR            '=')
Token(IDENTIFIER           '_JSON_KEY_TO_TYPE')
Token(OPERATOR             '.')
Token(IDENTIFIER           'get')
Token(SEPARATOR            '(')
Token(IDENTIFIER           'json_key')
Token(SEPARATOR            ',')
Token(IDENTIFIER           'TokenType')
Token(OPERATOR             '.')
Token(IDENTIFIER           'KEYWORD')
Token(SEPARATOR            ')')
Token(CONTROL_FLOW         'for')
Token(IDENTIFIER           'word')
Token(IDENTIFIER           'in')
Token(IDENTIFIER           'words')
Token(SEPARATOR            ':')
Token(IDENTIFIER           'self')
Token(OPERATOR             '.')
Token(IDENTIFIER           '_word_map')
Token(OPERATOR             '.')
Token(IDENTIFIER           'setdefault')
Token(SEPARATOR            '(')
Token(IDENTIFIER           'word')
Token(SEPARATOR            ',')
Token(IDENTIFIER           'token_type')
Token(SEPARATOR            ')')
Token(IDENTIFIER           'def')
Token(IDENTIFIER           '_peek')
Token(SEPARATOR            '(')
Token(IDENTIFIER           'self')
Token(SEPARATOR            ',')
Token(IDENTIFIER           'offset')
Token(SEPARATOR            ':')
Token(TYPE_SPECIFIER       'int')
Token(SEPARATOR            '=')
Token(INTEGER              '0')
Token(SEPARATOR            ')')
Token(OPERATOR             '->')
Token(IDENTIFIER           'str')
Token(SEPARATOR            ':')
Token(IDENTIFIER           'idx')
Token(SEPARATOR            '=')
Token(IDENTIFIER           'self')
Token(OPERATOR             '.')
Token(IDENTIFIER           'pos')
Token(OPERATOR             '+')
Token(IDENTIFIER           'offset')
Token(CONTROL_FLOW         'return')
Token(IDENTIFIER           'self')
Token(OPERATOR             '.')
Token(IDENTIFIER           'source')
Token(SEPARATOR            '[')
Token(IDENTIFIER           'idx')
Token(SEPARATOR            ']')
Token(CONTROL_FLOW         'if')
Token(IDENTIFIER           'idx')
Token(OPERATOR             '<')
Token(IDENTIFIER           'len')
Token(SEPARATOR            '(')
Token(IDENTIFIER           'self')
Token(OPERATOR             '.')
Token(IDENTIFIER           'source')
Token(SEPARATOR            ')')
Token(CONTROL_FLOW         'else')
Token(SEPARATOR            '"')
Token(STRING               '\\x00')
Token(SEPARATOR            '"')
Token(IDENTIFIER           'def')
Token(IDENTIFIER           '_advance')
Token(SEPARATOR            '(')
Token(IDENTIFIER           'self')
Token(SEPARATOR            ')')
Token(OPERATOR             '->')
Token(IDENTIFIER           'str')
Token(SEPARATOR            ':')
Token(IDENTIFIER           'ch')
Token(SEPARATOR            '=')
Token(IDENTIFIER           'self')
Token(OPERATOR             '.')
Token(IDENTIFIER           '_peek')
Token(SEPARATOR            '(')
Token(SEPARATOR            ')')
Token(IDENTIFIER           'self')
Token(OPERATOR             '.')
Token(IDENTIFIER           'pos')
Token(OPERATOR             '+=')
Token(INTEGER              '1')
Token(CONTROL_FLOW         'return')
Token(IDENTIFIER           'ch')
Token(IDENTIFIER           'def')
Token(IDENTIFIER           '_match')
Token(SEPARATOR            '(')
Token(IDENTIFIER           'self')
Token(SEPARATOR            ',')
Token(IDENTIFIER           'expected')
Token(SEPARATOR            ':')
Token(IDENTIFIER           'str')
Token(SEPARATOR            ')')
Token(OPERATOR             '->')
Token(TYPE_SPECIFIER       'bool')
Token(SEPARATOR            ':')
Token(SEPARATOR            '"')
Token(STRING               '')
Token(SEPARATOR            '"')
Token(SEPARATOR            '"')
Token(STRING               'Consume the next char only if it equals `expected`.')
Token(SEPARATOR            '"')
Token(SEPARATOR            '"')
Token(STRING               '')
Token(SEPARATOR            '"')
Token(CONTROL_FLOW         'if')
Token(IDENTIFIER           'self')
Token(OPERATOR             '.')
Token(IDENTIFIER           '_peek')
Token(SEPARATOR            '(')
Token(SEPARATOR            ')')
Token(SEPARATOR            '==')
Token(IDENTIFIER           'expected')
Token(SEPARATOR            ':')
Token(IDENTIFIER           'self')
Token(OPERATOR             '.')
Token(IDENTIFIER           'pos')
Token(OPERATOR             '+=')
Token(INTEGER              '1')
Token(CONTROL_FLOW         'return')
Token(IDENTIFIER           'True')
Token(CONTROL_FLOW         'return')
Token(IDENTIFIER           'False')
Token(IDENTIFIER           'def')
Token(IDENTIFIER           '_read_number')
Token(SEPARATOR            '(')
Token(IDENTIFIER           'self')
Token(SEPARATOR            ')')
Token(OPERATOR             '->')
Token(IDENTIFIER           'Token')
Token(SEPARATOR            ':')
Token(IDENTIFIER           'start')
Token(SEPARATOR            '=')
Token(IDENTIFIER           'self')
Token(OPERATOR             '.')
Token(IDENTIFIER           'pos')
Token(IDENTIFIER           'is_float')
Token(SEPARATOR            '=')
Token(IDENTIFIER           'False')
Token(CONTROL_FLOW         'if')
Token(IDENTIFIER           'self')
Token(OPERATOR             '.')
Token(IDENTIFIER           '_peek')
Token(SEPARATOR            '(')
Token(SEPARATOR            ')')
Token(SEPARATOR            '==')
Token(SEPARATOR            '"')
Token(STRING               '0')
Token(SEPARATOR            '"')
Token(IDENTIFIER           'and')
Token(IDENTIFIER           'self')
Token(OPERATOR             '.')
Token(IDENTIFIER           '_peek')
Token(SEPARATOR            '(')
Token(INTEGER              '1')
Token(SEPARATOR            ')')
Token(IDENTIFIER           'in')
Token(SEPARATOR            '(')
Token(SEPARATOR            '"')
Token(STRING               'x')
Token(SEPARATOR            '"')
Token(SEPARATOR            ',')
Token(SEPARATOR            '"')
Token(STRING               'X')
Token(SEPARATOR            '"')
Token(SEPARATOR            ')')
Token(SEPARATOR            ':')
Token(IDENTIFIER           'self')
Token(OPERATOR             '.')
Token(IDENTIFIER           '_advance')
Token(SEPARATOR            '(')
Token(SEPARATOR            ')')
Token(IDENTIFIER           'self')
Token(OPERATOR             '.')
Token(IDENTIFIER           '_advance')
Token(SEPARATOR            '(')
Token(SEPARATOR            ')')
Token(CONTROL_FLOW         'while')
Token(IDENTIFIER           'self')
Token(OPERATOR             '.')
Token(IDENTIFIER           '_peek')
Token(SEPARATOR            '(')
Token(SEPARATOR            ')')
Token(IDENTIFIER           'in')
Token(SEPARATOR            '"')
Token(STRING               '0123456789abcdefABCDEF_')
Token(SEPARATOR            '"')
Token(SEPARATOR            ':')
Token(IDENTIFIER           'self')
Token(OPERATOR             '.')
Token(IDENTIFIER           '_advance')
Token(SEPARATOR            '(')
Token(SEPARATOR            ')')
Token(PREPROCESSOR_KW      'elif')
Token(IDENTIFIER           'self')
Token(OPERATOR             '.')
Token(IDENTIFIER           '_peek')
Token(SEPARATOR            '(')
Token(SEPARATOR            ')')
Token(SEPARATOR            '==')
Token(SEPARATOR            '"')
Token(STRING               '0')
Token(SEPARATOR            '"')
Token(IDENTIFIER           'and')
Token(IDENTIFIER           'self')
Token(OPERATOR             '.')
Token(IDENTIFIER           '_peek')
Token(SEPARATOR            '(')
Token(INTEGER              '1')
Token(SEPARATOR            ')')
Token(OPERATOR             '.')
Token(BUILTIN_FUNCTION     'isdigit')
Token(SEPARATOR            '(')
Token(SEPARATOR            ')')
Token(SEPARATOR            ':')
Token(IDENTIFIER           'self')
Token(OPERATOR             '.')
Token(IDENTIFIER           '_advance')
Token(SEPARATOR            '(')
Token(SEPARATOR            ')')
Token(CONTROL_FLOW         'while')
Token(IDENTIFIER           'self')
Token(OPERATOR             '.')
Token(IDENTIFIER           '_peek')
Token(SEPARATOR            '(')
Token(SEPARATOR            ')')
Token(IDENTIFIER           'in')
Token(SEPARATOR            '"')
Token(STRING               '01234567')
Token(SEPARATOR            '"')
Token(SEPARATOR            ':')
Token(IDENTIFIER           'self')
Token(OPERATOR             '.')
Token(IDENTIFIER           '_advance')
Token(SEPARATOR            '(')
Token(SEPARATOR            ')')
Token(CONTROL_FLOW         'else')
Token(SEPARATOR            ':')
Token(CONTROL_FLOW         'while')
Token(IDENTIFIER           'self')
Token(OPERATOR             '.')
Token(IDENTIFIER           '_peek')
Token(SEPARATOR            '(')
Token(SEPARATOR            ')')
Token(OPERATOR             '.')
Token(BUILTIN_FUNCTION     'isdigit')
Token(SEPARATOR            '(')
Token(SEPARATOR            ')')
Token(SEPARATOR            ':')
Token(IDENTIFIER           'self')
Token(OPERATOR             '.')
Token(IDENTIFIER           '_advance')
Token(SEPARATOR            '(')
Token(SEPARATOR            ')')
Token(CONTROL_FLOW         'if')
Token(IDENTIFIER           'self')
Token(OPERATOR             '.')
Token(IDENTIFIER           '_peek')
Token(SEPARATOR            '(')
Token(SEPARATOR            ')')
Token(SEPARATOR            '==')
Token(SEPARATOR            '"')
Token(STRING               '.')
Token(SEPARATOR            '"')
Token(IDENTIFIER           'and')
Token(IDENTIFIER           'self')
Token(OPERATOR             '.')
Token(IDENTIFIER           '_peek')
Token(SEPARATOR            '(')
Token(INTEGER              '1')
Token(SEPARATOR            ')')
Token(OPERATOR             '!=')
Token(SEPARATOR            '"')
Token(STRING               '.')
Token(SEPARATOR            '"')
Token(SEPARATOR            ':')
Token(IDENTIFIER           'is_float')
Token(SEPARATOR            '=')
Token(IDENTIFIER           'True')
Token(IDENTIFIER           'self')
Token(OPERATOR             '.')
Token(IDENTIFIER           '_advance')
Token(SEPARATOR            '(')
Token(SEPARATOR            ')')
Token(CONTROL_FLOW         'while')
Token(IDENTIFIER           'self')
Token(OPERATOR             '.')
Token(IDENTIFIER           '_peek')
Token(SEPARATOR            '(')
Token(SEPARATOR            ')')
Token(OPERATOR             '.')
Token(BUILTIN_FUNCTION     'isdigit')
Token(SEPARATOR            '(')
Token(SEPARATOR            ')')
Token(SEPARATOR            ':')
Token(IDENTIFIER           'self')
Token(OPERATOR             '.')
Token(IDENTIFIER           '_advance')
Token(SEPARATOR            '(')
Token(SEPARATOR            ')')
Token(CONTROL_FLOW         'if')
Token(IDENTIFIER           'self')
Token(OPERATOR             '.')
Token(IDENTIFIER           '_peek')
Token(SEPARATOR            '(')
Token(SEPARATOR            ')')
Token(IDENTIFIER           'in')
Token(SEPARATOR            '(')
Token(SEPARATOR            '"')
Token(STRING               'e')
Token(SEPARATOR            '"')
Token(SEPARATOR            ',')
Token(SEPARATOR            '"')
Token(STRING               'E')
Token(SEPARATOR            '"')
Token(SEPARATOR            ')')
Token(SEPARATOR            ':')
Token(IDENTIFIER           'is_float')
Token(SEPARATOR            '=')
Token(IDENTIFIER           'True')
Token(IDENTIFIER           'self')
Token(OPERATOR             '.')
Token(IDENTIFIER           '_advance')
Token(SEPARATOR            '(')
Token(SEPARATOR            ')')
Token(CONTROL_FLOW         'if')
Token(IDENTIFIER           'self')
Token(OPERATOR             '.')
Token(IDENTIFIER           '_peek')
Token(SEPARATOR            '(')
Token(SEPARATOR            ')')
Token(IDENTIFIER           'in')
Token(SEPARATOR            '(')
Token(SEPARATOR            '"')
Token(STRING               '+')
Token(SEPARATOR            '"')
Token(SEPARATOR            ',')
Token(SEPARATOR            '"')
Token(STRING               '-')
Token(SEPARATOR            '"')
Token(SEPARATOR            ')')
Token(SEPARATOR            ':')
Token(IDENTIFIER           'self')
Token(OPERATOR             '.')
Token(IDENTIFIER           '_advance')
Token(SEPARATOR            '(')
Token(SEPARATOR            ')')
Token(CONTROL_FLOW         'while')
Token(IDENTIFIER           'self')
Token(OPERATOR             '.')
Token(IDENTIFIER           '_peek')
Token(SEPARATOR            '(')
Token(SEPARATOR            ')')
Token(OPERATOR             '.')
Token(BUILTIN_FUNCTION     'isdigit')
Token(SEPARATOR            '(')
Token(SEPARATOR            ')')
Token(SEPARATOR            ':')
Token(IDENTIFIER           'self')
Token(OPERATOR             '.')
Token(IDENTIFIER           '_advance')
Token(SEPARATOR            '(')
Token(SEPARATOR            ')')
Token(CONTROL_FLOW         'while')
Token(IDENTIFIER           'self')
Token(OPERATOR             '.')
Token(IDENTIFIER           '_peek')
Token(SEPARATOR            '(')
Token(SEPARATOR            ')')
Token(OPERATOR             '.')
Token(IDENTIFIER           'lower')
Token(SEPARATOR            '(')
Token(SEPARATOR            ')')
Token(IDENTIFIER           'in')
Token(SEPARATOR            '(')
Token(SEPARATOR            '"')
Token(STRING               'f')
Token(SEPARATOR            '"')
Token(SEPARATOR            ',')
Token(SEPARATOR            '"')
Token(STRING               'l')
Token(SEPARATOR            '"')
Token(SEPARATOR            ',')
Token(SEPARATOR            '"')
Token(STRING               'u')
Token(SEPARATOR            '"')
Token(SEPARATOR            ')')
Token(SEPARATOR            ':')
Token(IDENTIFIER           'is_float')
Token(SEPARATOR            '=')
Token(IDENTIFIER           'is_float')
Token(IDENTIFIER           'or')
Token(IDENTIFIER           'self')
Token(OPERATOR             '.')
Token(IDENTIFIER           '_peek')
Token(SEPARATOR            '(')
Token(SEPARATOR            ')')
Token(OPERATOR             '.')
Token(IDENTIFIER           'lower')
Token(SEPARATOR            '(')
Token(SEPARATOR            ')')
Token(SEPARATOR            '==')
Token(SEPARATOR            '"')
Token(STRING               'f')
Token(SEPARATOR            '"')
Token(IDENTIFIER           'self')
Token(OPERATOR             '.')
Token(IDENTIFIER           '_advance')
Token(SEPARATOR            '(')
Token(SEPARATOR            ')')
Token(IDENTIFIER           'value')
Token(SEPARATOR            '=')
Token(IDENTIFIER           'self')
Token(OPERATOR             '.')
Token(IDENTIFIER           'source')
Token(SEPARATOR            '[')
Token(IDENTIFIER           'start')
Token(SEPARATOR            ':')
Token(IDENTIFIER           'self')
Token(OPERATOR             '.')
Token(IDENTIFIER           'pos')
Token(SEPARATOR            ']')
Token(IDENTIFIER           'kind')
Token(SEPARATOR            '=')
Token(IDENTIFIER           'TokenType')
Token(OPERATOR             '.')
Token(IDENTIFIER           'FLOAT')
Token(CONTROL_FLOW         'if')
Token(IDENTIFIER           'is_float')
Token(CONTROL_FLOW         'else')
Token(IDENTIFIER           'TokenType')
Token(OPERATOR             '.')
Token(IDENTIFIER           'INTEGER')
Token(CONTROL_FLOW         'return')
Token(IDENTIFIER           'Token')
Token(SEPARATOR            '(')
Token(IDENTIFIER           'kind')
Token(SEPARATOR            ',')
Token(IDENTIFIER           'value')
Token(SEPARATOR            ')')
Token(IDENTIFIER           'def')
Token(IDENTIFIER           '_read_leading_dot_float')
Token(SEPARATOR            '(')
Token(IDENTIFIER           'self')
Token(SEPARATOR            ')')
Token(OPERATOR             '->')
Token(IDENTIFIER           'Token')
Token(OPERATOR             '|')
Token(IDENTIFIER           'None')
Token(SEPARATOR            ':')
Token(SEPARATOR            '"')
Token(STRING               '')
Token(SEPARATOR            '"')
Token(SEPARATOR            '"')
Token(STRING               "Call when '.' is the current char and the next is a digit.")
Token(SEPARATOR            '"')
Token(SEPARATOR            '"')
Token(STRING               '')
Token(SEPARATOR            '"')
Token(CONTROL_FLOW         'if')
Token(IDENTIFIER           'not')
Token(IDENTIFIER           'self')
Token(OPERATOR             '.')
Token(IDENTIFIER           '_peek')
Token(SEPARATOR            '(')
Token(INTEGER              '1')
Token(SEPARATOR            ')')
Token(OPERATOR             '.')
Token(BUILTIN_FUNCTION     'isdigit')
Token(SEPARATOR            '(')
Token(SEPARATOR            ')')
Token(SEPARATOR            ':')
Token(CONTROL_FLOW         'return')
Token(IDENTIFIER           'None')
Token(IDENTIFIER           'start')
Token(SEPARATOR            '=')
Token(IDENTIFIER           'self')
Token(OPERATOR             '.')
Token(IDENTIFIER           'pos')
Token(IDENTIFIER           'self')
Token(OPERATOR             '.')
Token(IDENTIFIER           '_advance')
Token(SEPARATOR            '(')
Token(SEPARATOR            ')')
Token(CONTROL_FLOW         'while')
Token(IDENTIFIER           'self')
Token(OPERATOR             '.')
Token(IDENTIFIER           '_peek')
Token(SEPARATOR            '(')
Token(SEPARATOR            ')')
Token(OPERATOR             '.')
Token(BUILTIN_FUNCTION     'isdigit')
Token(SEPARATOR            '(')
Token(SEPARATOR            ')')
Token(SEPARATOR            ':')
Token(IDENTIFIER           'self')
Token(OPERATOR             '.')
Token(IDENTIFIER           '_advance')
Token(SEPARATOR            '(')
Token(SEPARATOR            ')')
Token(CONTROL_FLOW         'if')
Token(IDENTIFIER           'self')
Token(OPERATOR             '.')
Token(IDENTIFIER           '_peek')
Token(SEPARATOR            '(')
Token(SEPARATOR            ')')
Token(IDENTIFIER           'in')
Token(SEPARATOR            '(')
Token(SEPARATOR            '"')
Token(STRING               'e')
Token(SEPARATOR            '"')
Token(SEPARATOR            ',')
Token(SEPARATOR            '"')
Token(STRING               'E')
Token(SEPARATOR            '"')
Token(SEPARATOR            ')')
Token(SEPARATOR            ':')
Token(IDENTIFIER           'self')
Token(OPERATOR             '.')
Token(IDENTIFIER           '_advance')
Token(SEPARATOR            '(')
Token(SEPARATOR            ')')
Token(CONTROL_FLOW         'if')
Token(IDENTIFIER           'self')
Token(OPERATOR             '.')
Token(IDENTIFIER           '_peek')
Token(SEPARATOR            '(')
Token(SEPARATOR            ')')
Token(IDENTIFIER           'in')
Token(SEPARATOR            '(')
Token(SEPARATOR            '"')
Token(STRING               '+')
Token(SEPARATOR            '"')
Token(SEPARATOR            ',')
Token(SEPARATOR            '"')
Token(STRING               '-')
Token(SEPARATOR            '"')
Token(SEPARATOR            ')')
Token(SEPARATOR            ':')
Token(IDENTIFIER           'self')
Token(OPERATOR             '.')
Token(IDENTIFIER           '_advance')
Token(SEPARATOR            '(')
Token(SEPARATOR            ')')
Token(CONTROL_FLOW         'while')
Token(IDENTIFIER           'self')
Token(OPERATOR             '.')
Token(IDENTIFIER           '_peek')
Token(SEPARATOR            '(')
Token(SEPARATOR            ')')
Token(OPERATOR             '.')
Token(BUILTIN_FUNCTION     'isdigit')
Token(SEPARATOR            '(')
Token(SEPARATOR            ')')
Token(SEPARATOR            ':')
Token(IDENTIFIER           'self')
Token(OPERATOR             '.')
Token(IDENTIFIER           '_advance')
Token(SEPARATOR            '(')
Token(SEPARATOR            ')')
Token(CONTROL_FLOW         'while')
Token(IDENTIFIER           'self')
Token(OPERATOR             '.')
Token(IDENTIFIER           '_peek')
Token(SEPARATOR            '(')
Token(SEPARATOR            ')')
Token(OPERATOR             '.')
Token(IDENTIFIER           'lower')
Token(SEPARATOR            '(')
Token(SEPARATOR            ')')
Token(IDENTIFIER           'in')
Token(SEPARATOR            '(')
Token(SEPARATOR            '"')
Token(STRING               'f')
Token(SEPARATOR            '"')
Token(SEPARATOR            ',')
Token(SEPARATOR            '"')
Token(STRING               'l')
Token(SEPARATOR            '"')
Token(SEPARATOR            ')')
Token(SEPARATOR            ':')
Token(IDENTIFIER           'self')
Token(OPERATOR             '.')
Token(IDENTIFIER           '_advance')
Token(SEPARATOR            '(')
Token(SEPARATOR            ')')
Token(CONTROL_FLOW         'return')
Token(IDENTIFIER           'Token')
Token(SEPARATOR            '(')
Token(IDENTIFIER           'TokenType')
Token(OPERATOR             '.')
Token(IDENTIFIER           'FLOAT')
Token(SEPARATOR            ',')
Token(IDENTIFIER           'self')
Token(OPERATOR             '.')
Token(IDENTIFIER           'source')
Token(SEPARATOR            '[')
Token(IDENTIFIER           'start')
Token(SEPARATOR            ':')
Token(IDENTIFIER           'self')
Token(OPERATOR             '.')
Token(IDENTIFIER           'pos')
Token(SEPARATOR            ']')
Token(SEPARATOR            ')')
Token(IDENTIFIER           'def')
Token(IDENTIFIER           '_read_word')
Token(SEPARATOR            '(')
Token(IDENTIFIER           'self')
Token(SEPARATOR            ')')
Token(OPERATOR             '->')
Token(IDENTIFIER           'Token')
Token(SEPARATOR            ':')
Token(IDENTIFIER           'start')
Token(SEPARATOR            '=')
Token(IDENTIFIER           'self')
Token(OPERATOR             '.')
Token(IDENTIFIER           'pos')
Token(CONTROL_FLOW         'while')
Token(IDENTIFIER           'self')
Token(OPERATOR             '.')
Token(IDENTIFIER           '_peek')
Token(SEPARATOR            '(')
Token(SEPARATOR            ')')
Token(OPERATOR             '.')
Token(BUILTIN_FUNCTION     'isalpha')
Token(SEPARATOR            '(')
Token(SEPARATOR            ')')
Token(IDENTIFIER           'or')
Token(IDENTIFIER           'self')
Token(OPERATOR             '.')
Token(IDENTIFIER           '_peek')
Token(SEPARATOR            '(')
Token(SEPARATOR            ')')
Token(IDENTIFIER           'in')
Token(SEPARATOR            '(')
Token(SEPARATOR            '"')
Token(STRING               '_')
Token(SEPARATOR            '"')
Token(SEPARATOR            ',')
Token(SEPARATOR            '"')
Token(STRING               '0123456789')
Token(SEPARATOR            '"')
Token(SEPARATOR            ')')
Token(SEPARATOR            ':')
Token(CONTROL_FLOW         'if')
Token(IDENTIFIER           'not')
Token(SEPARATOR            '(')
Token(IDENTIFIER           'self')
Token(OPERATOR             '.')
Token(IDENTIFIER           '_peek')
Token(SEPARATOR            '(')
Token(SEPARATOR            ')')
Token(OPERATOR             '.')
Token(BUILTIN_FUNCTION     'isalnum')
Token(SEPARATOR            '(')
Token(SEPARATOR            ')')
Token(IDENTIFIER           'or')
Token(IDENTIFIER           'self')
Token(OPERATOR             '.')
Token(IDENTIFIER           '_peek')
Token(SEPARATOR            '(')
Token(SEPARATOR            ')')
Token(SEPARATOR            '==')
Token(SEPARATOR            '"')
Token(STRING               '_')
Token(SEPARATOR            '"')
Token(SEPARATOR            ')')
Token(SEPARATOR            ':')
Token(CONTROL_FLOW         'break')
Token(IDENTIFIER           'self')
Token(OPERATOR             '.')
Token(IDENTIFIER           '_advance')
Token(SEPARATOR            '(')
Token(SEPARATOR            ')')
Token(IDENTIFIER           'word')
Token(SEPARATOR            '=')
Token(IDENTIFIER           'self')
Token(OPERATOR             '.')
Token(IDENTIFIER           'source')
Token(SEPARATOR            '[')
Token(IDENTIFIER           'start')
Token(SEPARATOR            ':')
Token(IDENTIFIER           'self')
Token(OPERATOR             '.')
Token(IDENTIFIER           'pos')
Token(SEPARATOR            ']')
Token(IDENTIFIER           'tok_type')
Token(SEPARATOR            '=')
Token(IDENTIFIER           'self')
Token(OPERATOR             '.')
Token(IDENTIFIER           '_word_map')
Token(OPERATOR             '.')
Token(IDENTIFIER           'get')
Token(SEPARATOR            '(')
Token(IDENTIFIER           'word')
Token(SEPARATOR            ',')
Token(IDENTIFIER           'TokenType')
Token(OPERATOR             '.')
Token(IDENTIFIER           'IDENTIFIER')
Token(SEPARATOR            ')')
Token(CONTROL_FLOW         'return')
Token(IDENTIFIER           'Token')
Token(SEPARATOR            '(')
Token(IDENTIFIER           'tok_type')
Token(SEPARATOR            ',')
Token(IDENTIFIER           'word')
Token(SEPARATOR            ')')
Token(IDENTIFIER           'def')
Token(IDENTIFIER           '_read_string')
Token(SEPARATOR            '(')
Token(IDENTIFIER           'self')
Token(SEPARATOR            ')')
Token(OPERATOR             '->')
Token(IDENTIFIER           'list')
Token(SEPARATOR            '[')
Token(IDENTIFIER           'Token')
Token(SEPARATOR            ']')
Token(SEPARATOR            ':')
Token(IDENTIFIER           'tokens')
Token(SEPARATOR            '=')
Token(SEPARATOR            '[')
Token(IDENTIFIER           'Token')
Token(SEPARATOR            '(')
Token(IDENTIFIER           'TokenType')
Token(OPERATOR             '.')
Token(IDENTIFIER           'SEPARATOR')
Token(SEPARATOR            ',')
Token(SEPARATOR            "'")
Token(CHAR                 '"')
Token(SEPARATOR            "'")
Token(SEPARATOR            ')')
Token(SEPARATOR            ']')
Token(IDENTIFIER           'buf')
Token(SEPARATOR            ':')
Token(IDENTIFIER           'list')
Token(SEPARATOR            '[')
Token(IDENTIFIER           'str')
Token(SEPARATOR            ']')
Token(SEPARATOR            '=')
Token(SEPARATOR            '[')
Token(SEPARATOR            ']')
Token(CONTROL_FLOW         'while')
Token(IDENTIFIER           'self')
Token(OPERATOR             '.')
Token(IDENTIFIER           '_peek')
Token(SEPARATOR            '(')
Token(SEPARATOR            ')')
Token(IDENTIFIER           'not')
Token(IDENTIFIER           'in')
Token(SEPARATOR            '(')
Token(SEPARATOR            "'")
Token(CHAR                 '"')
Token(SEPARATOR            "'")
Token(SEPARATOR            ',')
Token(SEPARATOR            '"')
Token(STRING               '\\x00')
Token(SEPARATOR            '"')
Token(SEPARATOR            ')')
Token(SEPARATOR            ':')
Token(IDENTIFIER           'ch')
Token(SEPARATOR            '=')
Token(IDENTIFIER           'self')
Token(OPERATOR             '.')
Token(IDENTIFIER           '_advance')
Token(SEPARATOR            '(')
Token(SEPARATOR            ')')
Token(IDENTIFIER           'buf')
Token(OPERATOR             '.')
Token(IDENTIFIER           'append')
Token(SEPARATOR            '(')
Token(IDENTIFIER           'ch')
Token(SEPARATOR            ')')
Token(CONTROL_FLOW         'if')
Token(IDENTIFIER           'ch')
Token(SEPARATOR            '==')
Token(SEPARATOR            '"')
Token(STRING               '\\\\" and self._peek() == \'')
Token(SEPARATOR            '"')
Token(SEPARATOR            "'")
Token(CHAR                 ':')
Token(SEPARATOR            "'")
Token(IDENTIFIER           'buf')
Token(OPERATOR             '.')
Token(IDENTIFIER           'append')
Token(SEPARATOR            '(')
Token(IDENTIFIER           'self')
Token(OPERATOR             '.')
Token(IDENTIFIER           '_advance')
Token(SEPARATOR            '(')
Token(SEPARATOR            ')')
Token(SEPARATOR            ')')
Token(IDENTIFIER           'self')
Token(OPERATOR             '.')
Token(IDENTIFIER           '_advance')
Token(SEPARATOR            '(')
Token(SEPARATOR            ')')
Token(IDENTIFIER           'tokens')
Token(OPERATOR             '.')
Token(IDENTIFIER           'append')
Token(SEPARATOR            '(')
Token(IDENTIFIER           'Token')
Token(SEPARATOR            '(')
Token(IDENTIFIER           'TokenType')
Token(OPERATOR             '.')
Token(IDENTIFIER           'STRING')
Token(SEPARATOR            ',')
Token(SEPARATOR            '"')
Token(STRING               '')
Token(SEPARATOR            '"')
Token(OPERATOR             '.')
Token(IDENTIFIER           'join')
Token(SEPARATOR            '(')
Token(IDENTIFIER           'buf')
Token(SEPARATOR            ')')
Token(SEPARATOR            ')')
Token(SEPARATOR            ')')
Token(IDENTIFIER           'tokens')
Token(OPERATOR             '.')
Token(IDENTIFIER           'append')
Token(SEPARATOR            '(')
Token(IDENTIFIER           'Token')
Token(SEPARATOR            '(')
Token(IDENTIFIER           'TokenType')
Token(OPERATOR             '.')
Token(IDENTIFIER           'SEPARATOR')
Token(SEPARATOR            ',')
Token(SEPARATOR            "'")
Token(CHAR                 '"')
Token(SEPARATOR            "'")
Token(SEPARATOR            ')')
Token(SEPARATOR            ')')
Token(CONTROL_FLOW         'return')
Token(IDENTIFIER           'tokens')
Token(IDENTIFIER           'def')
Token(IDENTIFIER           '_read_char_literal')
Token(SEPARATOR            '(')
Token(IDENTIFIER           'self')
Token(SEPARATOR            ')')
Token(OPERATOR             '->')
Token(IDENTIFIER           'list')
Token(SEPARATOR            '[')
Token(IDENTIFIER           'Token')
Token(SEPARATOR            ']')
Token(SEPARATOR            ':')
Token(IDENTIFIER           'tokens')
Token(SEPARATOR            '=')
Token(SEPARATOR            '[')
Token(IDENTIFIER           'Token')
Token(SEPARATOR            '(')
Token(IDENTIFIER           'TokenType')
Token(OPERATOR             '.')
Token(IDENTIFIER           'SEPARATOR')
Token(SEPARATOR            ',')
Token(SEPARATOR            '"')
Token(STRING               "'")
Token(SEPARATOR            '"')
Token(SEPARATOR            ')')
Token(SEPARATOR            ']')
Token(IDENTIFIER           'is_escape')
Token(SEPARATOR            '=')
Token(IDENTIFIER           'self')
Token(OPERATOR             '.')
Token(IDENTIFIER           '_peek')
Token(SEPARATOR            '(')
Token(SEPARATOR            ')')
Token(SEPARATOR            '==')
Token(SEPARATOR            '"')
Token(STRING               '\\\\"\n        if is_escape:\n            self._advance()                    # consume backslash\n        ch = self._advance()                   # the actual character\n        tokens.append(Token(\n            TokenType.SPECIAL if is_escape else TokenType.CHAR,\n            ch\n        ))\n        self._advance()                        # closing \'\n        tokens.append(Token(TokenType.SEPARATOR, ')
Token(SEPARATOR            '"')
Token(SEPARATOR            "'")
Token(CHAR                 '"')
Token(SEPARATOR            "'")
Token(SEPARATOR            ')')
Token(CONTROL_FLOW         'return')
Token(IDENTIFIER           'tokens')
Token(IDENTIFIER           'def')
Token(IDENTIFIER           '_skip_block_comment')
Token(SEPARATOR            '(')
Token(IDENTIFIER           'self')
Token(SEPARATOR            ')')
Token(OPERATOR             '->')
Token(IDENTIFIER           'None')
Token(SEPARATOR            ':')
Token(CONTROL_FLOW         'while')
Token(IDENTIFIER           'not')
Token(SEPARATOR            '(')
Token(IDENTIFIER           'self')
Token(OPERATOR             '.')
Token(IDENTIFIER           '_peek')
Token(SEPARATOR            '(')
Token(SEPARATOR            ')')
Token(SEPARATOR            '==')
Token(SEPARATOR            '"')
Token(STRING               '*')
Token(SEPARATOR            '"')
Token(IDENTIFIER           'and')
Token(IDENTIFIER           'self')
Token(OPERATOR             '.')
Token(IDENTIFIER           '_peek')
Token(SEPARATOR            '(')
Token(INTEGER              '1')
Token(SEPARATOR            ')')
Token(SEPARATOR            '==')
Token(SEPARATOR            '"')
Token(STRING               '/')
Token(SEPARATOR            '"')
Token(SEPARATOR            ')')
Token(SEPARATOR            ':')
Token(CONTROL_FLOW         'if')
Token(IDENTIFIER           'self')
Token(OPERATOR             '.')
Token(IDENTIFIER           '_peek')
Token(SEPARATOR            '(')
Token(SEPARATOR            ')')
Token(SEPARATOR            '==')
Token(SEPARATOR            '"')
Token(STRING               '\\x00')
Token(SEPARATOR            '"')
Token(SEPARATOR            ':')
Token(CONTROL_FLOW         'break')
Token(IDENTIFIER           'self')
Token(OPERATOR             '.')
Token(IDENTIFIER           '_advance')
Token(SEPARATOR            '(')
Token(SEPARATOR            ')')
Token(IDENTIFIER           'self')
Token(OPERATOR             '.')
Token(IDENTIFIER           '_advance')
Token(SEPARATOR            '(')
Token(SEPARATOR            ')')
Token(IDENTIFIER           'self')
Token(OPERATOR             '.')
Token(IDENTIFIER           '_advance')
Token(SEPARATOR            '(')
Token(SEPARATOR            ')')
Token(IDENTIFIER           'def')
Token(IDENTIFIER           '_skip_line')
Token(SEPARATOR            '(')
Token(IDENTIFIER           'self')
Token(SEPARATOR            ')')
Token(OPERATOR             '->')
Token(IDENTIFIER           'None')
Token(SEPARATOR            ':')
Token(SEPARATOR            '"')
Token(STRING               '')
Token(SEPARATOR            '"')
Token(SEPARATOR            '"')
Token(STRING               'Skip to end of line (handles line continuations with backslash).')
Token(SEPARATOR            '"')
Token(SEPARATOR            '"')
Token(STRING               '')
Token(SEPARATOR            '"')
Token(CONTROL_FLOW         'while')
Token(IDENTIFIER           'self')
Token(OPERATOR             '.')
Token(IDENTIFIER           '_peek')
Token(SEPARATOR            '(')
Token(SEPARATOR            ')')
Token(IDENTIFIER           'not')
Token(IDENTIFIER           'in')
Token(SEPARATOR            '(')
Token(SEPARATOR            '"')
Token(STRING               '\\n')
Token(SEPARATOR            '"')
Token(SEPARATOR            ',')
Token(SEPARATOR            '"')
Token(STRING               '\\x00')
Token(SEPARATOR            '"')
Token(SEPARATOR            ')')
Token(SEPARATOR            ':')
Token(CONTROL_FLOW         'if')
Token(IDENTIFIER           'self')
Token(OPERATOR             '.')
Token(IDENTIFIER           '_peek')
Token(SEPARATOR            '(')
Token(SEPARATOR            ')')
Token(SEPARATOR            '==')
Token(SEPARATOR            '"')
Token(STRING               '\\\\" and self._peek(1) == ')
Token(SEPARATOR            '"')
Token(IDENTIFIER           'n')
Token(SEPARATOR            '"')
Token(STRING               ':\n                self._advance()   # backslash\n                self._advance()   # newline  → continue on next line\n            else:\n                self._advance()\n\n    # ── operator / separator dispatch ────────────────────────────────────────\n\n    def _lex_symbol(self, ch: str) -> Token | None:\n        S = TokenType.SEPARATOR\n        O = TokenType.OPERATOR\n\n        match ch:\n            # --- plain separators ---\n            case ')
Token(SEPARATOR            '"')
Token(SEPARATOR            ';')
Token(SEPARATOR            '"')
Token(STRING               ' | ')
Token(SEPARATOR            '"')
Token(SEPARATOR            '(')
Token(SEPARATOR            '"')
Token(STRING               ' | ')
Token(SEPARATOR            '"')
Token(SEPARATOR            ')')
Token(SEPARATOR            '"')
Token(STRING               ' | ')
Token(SEPARATOR            '"')
Token(SEPARATOR            '[')
Token(SEPARATOR            '"')
Token(STRING               ' | ')
Token(SEPARATOR            '"')
Token(SEPARATOR            ']')
Token(SEPARATOR            '"')
Token(STRING               ' | ')
Token(SEPARATOR            '"')
Token(SEPARATOR            '{')
Token(SEPARATOR            '"')
Token(STRING               ' | ')
Token(SEPARATOR            '"')
Token(SEPARATOR            '}')
Token(SEPARATOR            '"')
Token(STRING               ' | ')
Token(SEPARATOR            '"')
Token(SEPARATOR            ',')
Token(SEPARATOR            '"')
Token(STRING               ' | ')
Token(SEPARATOR            '"')
Token(SEPARATOR            ':')
Token(SEPARATOR            '"')
Token(STRING               ':\n                return Token(S, ch)\n\n            # --- bitwise OR / logical OR ---\n            case ')
Token(SEPARATOR            '"')
Token(OPERATOR             '|')
Token(SEPARATOR            '"')
Token(STRING               ':\n                if self._match(')
Token(SEPARATOR            '"')
Token(OPERATOR             '|')
Token(SEPARATOR            '"')
Token(STRING               '): return Token(O, ')
Token(SEPARATOR            '"')
Token(OPERATOR             '||')
Token(SEPARATOR            '"')
Token(STRING               ')\n                if self._match(')
Token(SEPARATOR            '"')
Token(SEPARATOR            '=')
Token(SEPARATOR            '"')
Token(STRING               '): return Token(O, ')
Token(SEPARATOR            '"')
Token(OPERATOR             '|=')
Token(SEPARATOR            '"')
Token(STRING               ')\n                return Token(O, ')
Token(SEPARATOR            '"')
Token(OPERATOR             '|')
Token(SEPARATOR            '"')
Token(STRING               ')\n\n            # --- bitwise AND / logical AND / address-of ---\n            case ')
Token(SEPARATOR            '"')
Token(OPERATOR             '&')
Token(SEPARATOR            '"')
Token(STRING               ':\n                if self._match(')
Token(SEPARATOR            '"')
Token(OPERATOR             '&')
Token(SEPARATOR            '"')
Token(STRING               '): return Token(O, ')
Token(SEPARATOR            '"')
Token(OPERATOR             '&&')
Token(SEPARATOR            '"')
Token(STRING               ')\n                if self._match(')
Token(SEPARATOR            '"')
Token(SEPARATOR            '=')
Token(SEPARATOR            '"')
Token(STRING               '): return Token(O, ')
Token(SEPARATOR            '"')
Token(OPERATOR             '&=')
Token(SEPARATOR            '"')
Token(STRING               ')\n                return Token(O, ')
Token(SEPARATOR            '"')
Token(OPERATOR             '&')
Token(SEPARATOR            '"')
Token(STRING               ')\n\n            # --- simple single-char operators ---\n            case ')
Token(SEPARATOR            '"')
Token(OPERATOR             '?')
Token(SEPARATOR            '"')
Token(STRING               ': return Token(O, ')
Token(SEPARATOR            '"')
Token(OPERATOR             '?')
Token(SEPARATOR            '"')
Token(STRING               ')\n            case ')
Token(SEPARATOR            '"')
Token(OPERATOR             '%')
Token(SEPARATOR            '"')
Token(STRING               ':\n                return Token(O, ')
Token(SEPARATOR            '"')
Token(OPERATOR             '%=')
Token(SEPARATOR            '"')
Token(STRING               ' if self._match(')
Token(SEPARATOR            '"')
Token(SEPARATOR            '=')
Token(SEPARATOR            '"')
Token(STRING               ') else ')
Token(SEPARATOR            '"')
Token(OPERATOR             '%')
Token(SEPARATOR            '"')
Token(STRING               ')\n            case ')
Token(SEPARATOR            '"')
Token(OPERATOR             '^')
Token(SEPARATOR            '"')
Token(STRING               ':\n                return Token(O, ')
Token(SEPARATOR            '"')
Token(OPERATOR             '^=')
Token(SEPARATOR            '"')
Token(STRING               ' if self._match(')
Token(SEPARATOR            '"')
Token(SEPARATOR            '=')
Token(SEPARATOR            '"')
Token(STRING               ') else ')
Token(SEPARATOR            '"')
Token(OPERATOR             '^')
Token(SEPARATOR            '"')
Token(STRING               ')\n            case ')
Token(SEPARATOR            '"')
Token(OPERATOR             '~')
Token(SEPARATOR            '"')
Token(STRING               ': return Token(O, ')
Token(SEPARATOR            '"')
Token(OPERATOR             '~')
Token(SEPARATOR            '"')
Token(STRING               ')\n\n            # --- not / not-equal ---\n            case ')
Token(SEPARATOR            '"')
Token(OPERATOR             '!')
Token(SEPARATOR            '"')
Token(STRING               ':\n                return Token(O, ')
Token(SEPARATOR            '"')
Token(OPERATOR             '!=')
Token(SEPARATOR            '"')
Token(STRING               ' if self._match(')
Token(SEPARATOR            '"')
Token(SEPARATOR            '=')
Token(SEPARATOR            '"')
Token(STRING               ') else ')
Token(SEPARATOR            '"')
Token(OPERATOR             '!')
Token(SEPARATOR            '"')
Token(STRING               ')\n\n            # --- assignment / equality ---\n            case ')
Token(SEPARATOR            '"')
Token(SEPARATOR            '=')
Token(SEPARATOR            '"')
Token(STRING               ':\n                return Token(S, ')
Token(SEPARATOR            '"')
Token(SEPARATOR            '==')
Token(SEPARATOR            '"')
Token(STRING               ' if self._match(')
Token(SEPARATOR            '"')
Token(SEPARATOR            '=')
Token(SEPARATOR            '"')
Token(STRING               ') else ')
Token(SEPARATOR            '"')
Token(SEPARATOR            '=')
Token(SEPARATOR            '"')
Token(STRING               ')\n\n            # --- plus ---\n            case ')
Token(SEPARATOR            '"')
Token(OPERATOR             '+')
Token(SEPARATOR            '"')
Token(STRING               ':\n                if self._match(')
Token(SEPARATOR            '"')
Token(SEPARATOR            '=')
Token(SEPARATOR            '"')
Token(STRING               '): return Token(O, ')
Token(SEPARATOR            '"')
Token(OPERATOR             '+=')
Token(SEPARATOR            '"')
Token(STRING               ')\n                if self._match(')
Token(SEPARATOR            '"')
Token(OPERATOR             '+')
Token(SEPARATOR            '"')
Token(STRING               '): return Token(O, ')
Token(SEPARATOR            '"')
Token(OPERATOR             '++')
Token(SEPARATOR            '"')
Token(STRING               ')\n                return Token(O, ')
Token(SEPARATOR            '"')
Token(OPERATOR             '+')
Token(SEPARATOR            '"')
Token(STRING               ')\n\n            # --- minus / arrow ---\n            case ')
Token(SEPARATOR            '"')
Token(OPERATOR             '-')
Token(SEPARATOR            '"')
Token(STRING               ':\n                if self._match(')
Token(SEPARATOR            '"')
Token(OPERATOR             '>')
Token(SEPARATOR            '"')
Token(STRING               '): return Token(O, ')
Token(SEPARATOR            '"')
Token(OPERATOR             '->')
Token(SEPARATOR            '"')
Token(STRING               ')\n                if self._match(')
Token(SEPARATOR            '"')
Token(SEPARATOR            '=')
Token(SEPARATOR            '"')
Token(STRING               '): return Token(O, ')
Token(SEPARATOR            '"')
Token(OPERATOR             '-=')
Token(SEPARATOR            '"')
Token(STRING               ')\n                if self._match(')
Token(SEPARATOR            '"')
Token(OPERATOR             '-')
Token(SEPARATOR            '"')
Token(STRING               '): return Token(O, ')
Token(SEPARATOR            '"')
Token(OPERATOR             '--')
Token(SEPARATOR            '"')
Token(STRING               ')\n                return Token(O, ')
Token(SEPARATOR            '"')
Token(OPERATOR             '-')
Token(SEPARATOR            '"')
Token(STRING               ')\n\n            # --- multiply / deref ---\n            case ')
Token(SEPARATOR            '"')
Token(OPERATOR             '*')
Token(SEPARATOR            '"')
Token(STRING               ':\n                return Token(O, ')
Token(SEPARATOR            '"')
Token(OPERATOR             '*=')
Token(SEPARATOR            '"')
Token(STRING               ' if self._match(')
Token(SEPARATOR            '"')
Token(SEPARATOR            '=')
Token(SEPARATOR            '"')
Token(STRING               ') else ')
Token(SEPARATOR            '"')
Token(OPERATOR             '*')
Token(SEPARATOR            '"')
Token(STRING               ')\n\n            # --- divide (comments already stripped in tokenize) ---\n            case ')
Token(SEPARATOR            '"')
Token(OPERATOR             '/')
Token(SEPARATOR            '"')
Token(STRING               ':\n                return Token(O, ')
Token(SEPARATOR            '"')
Token(OPERATOR             '/=')
Token(SEPARATOR            '"')
Token(STRING               ' if self._match(')
Token(SEPARATOR            '"')
Token(SEPARATOR            '=')
Token(SEPARATOR            '"')
Token(STRING               ') else ')
Token(SEPARATOR            '"')
Token(OPERATOR             '/')
Token(SEPARATOR            '"')
Token(STRING               ')\n\n            # --- less-than / left-shift ---\n            case ')
Token(SEPARATOR            '"')
Token(OPERATOR             '<')
Token(SEPARATOR            '"')
Token(STRING               ':\n                if self._match(')
Token(SEPARATOR            '"')
Token(SEPARATOR            '=')
Token(SEPARATOR            '"')
Token(STRING               '):  return Token(O, ')
Token(SEPARATOR            '"')
Token(OPERATOR             '<=')
Token(SEPARATOR            '"')
Token(STRING               ')\n                if self._match(')
Token(SEPARATOR            '"')
Token(OPERATOR             '<')
Token(SEPARATOR            '"')
Token(STRING               '):\n                    return Token(O, ')
Token(SEPARATOR            '"')
Token(OPERATOR             '<<=')
Token(SEPARATOR            '"')
Token(STRING               ' if self._match(')
Token(SEPARATOR            '"')
Token(SEPARATOR            '=')
Token(SEPARATOR            '"')
Token(STRING               ') else ')
Token(SEPARATOR            '"')
Token(OPERATOR             '<<')
Token(SEPARATOR            '"')
Token(STRING               ')\n                return Token(O, ')
Token(SEPARATOR            '"')
Token(OPERATOR             '<')
Token(SEPARATOR            '"')
Token(STRING               ')\n\n            # --- greater-than / right-shift ---\n            case ')
Token(SEPARATOR            '"')
Token(OPERATOR             '>')
Token(SEPARATOR            '"')
Token(STRING               ':\n                if self._match(')
Token(SEPARATOR            '"')
Token(SEPARATOR            '=')
Token(SEPARATOR            '"')
Token(STRING               '):  return Token(O, ')
Token(SEPARATOR            '"')
Token(OPERATOR             '>=')
Token(SEPARATOR            '"')
Token(STRING               ')\n                if self._match(')
Token(SEPARATOR            '"')
Token(OPERATOR             '>')
Token(SEPARATOR            '"')
Token(STRING               '):\n                    return Token(O, ')
Token(SEPARATOR            '"')
Token(OPERATOR             '>>=')
Token(SEPARATOR            '"')
Token(STRING               ' if self._match(')
Token(SEPARATOR            '"')
Token(SEPARATOR            '=')
Token(SEPARATOR            '"')
Token(STRING               ') else ')
Token(SEPARATOR            '"')
Token(OPERATOR             '>>')
Token(SEPARATOR            '"')
Token(STRING               ')\n                return Token(O, ')
Token(SEPARATOR            '"')
Token(OPERATOR             '>')
Token(SEPARATOR            '"')
Token(STRING               ')\n\n            # --- dot: member access OR leading-dot float (.5) ---\n            case ')
Token(SEPARATOR            '"')
Token(OPERATOR             '.')
Token(SEPARATOR            '"')
Token(STRING               ':\n                float_tok = self._read_leading_dot_float()\n                return float_tok if float_tok else Token(O, ')
Token(SEPARATOR            '"')
Token(OPERATOR             '.')
Token(SEPARATOR            '"')
Token(STRING               ')\n\n            case _:\n                return None   # unknown — skip silently\n\n    # ── main tokenise loop ────────────────────────────────────────────────────\n\n    def tokenize(self) -> list[Token]:\n        while self.pos < len(self.source):\n            ch = self._advance()\n\n            # whitespace\n            if ch in (')
Token(SEPARATOR            '"')
Token(SEPARATOR            '"')
Token(STRING               ', ')
Token(SEPARATOR            '"')
Token(IDENTIFIER           't')
Token(SEPARATOR            '"')
Token(STRING               ', ')
Token(SEPARATOR            '"')
Token(IDENTIFIER           'n')
Token(SEPARATOR            '"')
Token(STRING               ', ')
Token(SEPARATOR            '"')
Token(IDENTIFIER           'r')
Token(SEPARATOR            '"')
Token(STRING               '):\n                continue\n\n            # preprocessor lines  (#include, #define …)\n            if ch == ')
Token(SEPARATOR            '"')
Token(IDENTIFIER           'self')
Token(OPERATOR             '.')
Token(IDENTIFIER           '_skip_line')
Token(SEPARATOR            '(')
Token(SEPARATOR            ')')
Token(CONTROL_FLOW         'continue')
Token(CONTROL_FLOW         'if')
Token(IDENTIFIER           'ch')
Token(SEPARATOR            '==')
Token(SEPARATOR            '"')
Token(STRING               '/')
Token(SEPARATOR            '"')
Token(IDENTIFIER           'and')
Token(IDENTIFIER           'self')
Token(OPERATOR             '.')
Token(IDENTIFIER           '_peek')
Token(SEPARATOR            '(')
Token(SEPARATOR            ')')
Token(SEPARATOR            '==')
Token(SEPARATOR            '"')
Token(STRING               '*')
Token(SEPARATOR            '"')
Token(SEPARATOR            ':')
Token(IDENTIFIER           'self')
Token(OPERATOR             '.')
Token(IDENTIFIER           '_advance')
Token(SEPARATOR            '(')
Token(SEPARATOR            ')')
Token(IDENTIFIER           'self')
Token(OPERATOR             '.')
Token(IDENTIFIER           '_skip_block_comment')
Token(SEPARATOR            '(')
Token(SEPARATOR            ')')
Token(CONTROL_FLOW         'continue')
Token(CONTROL_FLOW         'if')
Token(IDENTIFIER           'ch')
Token(SEPARATOR            '==')
Token(SEPARATOR            '"')
Token(STRING               '/')
Token(SEPARATOR            '"')
Token(IDENTIFIER           'and')
Token(IDENTIFIER           'self')
Token(OPERATOR             '.')
Token(IDENTIFIER           '_peek')
Token(SEPARATOR            '(')
Token(SEPARATOR            ')')
Token(SEPARATOR            '==')
Token(SEPARATOR            '"')
Token(STRING               '/')
Token(SEPARATOR            '"')
Token(SEPARATOR            ':')
Token(IDENTIFIER           'self')
Token(OPERATOR             '.')
Token(IDENTIFIER           '_advance')
Token(SEPARATOR            '(')
Token(SEPARATOR            ')')
Token(IDENTIFIER           'self')
Token(OPERATOR             '.')
Token(IDENTIFIER           '_skip_line')
Token(SEPARATOR            '(')
Token(SEPARATOR            ')')
Token(CONTROL_FLOW         'continue')
Token(CONTROL_FLOW         'if')
Token(IDENTIFIER           'ch')
Token(SEPARATOR            '==')
Token(SEPARATOR            "'")
Token(CHAR                 '"')
Token(SEPARATOR            "'")
Token(SEPARATOR            ':')
Token(IDENTIFIER           'self')
Token(OPERATOR             '.')
Token(IDENTIFIER           'tokens')
Token(OPERATOR             '.')
Token(IDENTIFIER           'extend')
Token(SEPARATOR            '(')
Token(IDENTIFIER           'self')
Token(OPERATOR             '.')
Token(IDENTIFIER           '_read_string')
Token(SEPARATOR            '(')
Token(SEPARATOR            ')')
Token(SEPARATOR            ')')
Token(CONTROL_FLOW         'continue')
Token(CONTROL_FLOW         'if')
Token(IDENTIFIER           'ch')
Token(SEPARATOR            '==')
Token(SEPARATOR            '"')
Token(STRING               "'")
Token(SEPARATOR            '"')
Token(SEPARATOR            ':')
Token(IDENTIFIER           'self')
Token(OPERATOR             '.')
Token(IDENTIFIER           'tokens')
Token(OPERATOR             '.')
Token(IDENTIFIER           'extend')
Token(SEPARATOR            '(')
Token(IDENTIFIER           'self')
Token(OPERATOR             '.')
Token(IDENTIFIER           '_read_char_literal')
Token(SEPARATOR            '(')
Token(SEPARATOR            ')')
Token(SEPARATOR            ')')
Token(CONTROL_FLOW         'continue')
Token(CONTROL_FLOW         'if')
Token(IDENTIFIER           'ch')
Token(OPERATOR             '.')
Token(BUILTIN_FUNCTION     'isdigit')
Token(SEPARATOR            '(')
Token(SEPARATOR            ')')
Token(SEPARATOR            ':')
Token(IDENTIFIER           'self')
Token(OPERATOR             '.')
Token(IDENTIFIER           'pos')
Token(OPERATOR             '-=')
Token(INTEGER              '1')
Token(IDENTIFIER           'self')
Token(OPERATOR             '.')
Token(IDENTIFIER           'tokens')
Token(OPERATOR             '.')
Token(IDENTIFIER           'append')
Token(SEPARATOR            '(')
Token(IDENTIFIER           'self')
Token(OPERATOR             '.')
Token(IDENTIFIER           '_read_number')
Token(SEPARATOR            '(')
Token(SEPARATOR            ')')
Token(SEPARATOR            ')')
Token(CONTROL_FLOW         'continue')
Token(CONTROL_FLOW         'if')
Token(IDENTIFIER           'ch')
Token(OPERATOR             '.')
Token(BUILTIN_FUNCTION     'isalpha')
Token(SEPARATOR            '(')
Token(SEPARATOR            ')')
Token(IDENTIFIER           'or')
Token(SEPARATOR            '(')
Token(IDENTIFIER           'ch')
Token(SEPARATOR            '==')
Token(SEPARATOR            '"')
Token(STRING               '_')
Token(SEPARATOR            '"')
Token(IDENTIFIER           'and')
Token(IDENTIFIER           'self')
Token(OPERATOR             '.')
Token(IDENTIFIER           '_peek')
Token(SEPARATOR            '(')
Token(SEPARATOR            ')')
Token(OPERATOR             '!=')
Token(SEPARATOR            '"')
Token(STRING               "'")
Token(SEPARATOR            '"')
Token(SEPARATOR            ')')
Token(SEPARATOR            ':')
Token(IDENTIFIER           'self')
Token(OPERATOR             '.')
Token(IDENTIFIER           'pos')
Token(OPERATOR             '-=')
Token(INTEGER              '1')
Token(IDENTIFIER           'self')
Token(OPERATOR             '.')
Token(IDENTIFIER           'tokens')
Token(OPERATOR             '.')
Token(IDENTIFIER           'append')
Token(SEPARATOR            '(')
Token(IDENTIFIER           'self')
Token(OPERATOR             '.')
Token(IDENTIFIER           '_read_word')
Token(SEPARATOR            '(')
Token(SEPARATOR            ')')
Token(SEPARATOR            ')')
Token(CONTROL_FLOW         'continue')
Token(CONTROL_FLOW         'if')
Token(IDENTIFIER           'ch')
Token(SEPARATOR            '==')
Token(SEPARATOR            '"')
Token(STRING               '.')
Token(SEPARATOR            '"')
Token(SEPARATOR            ':')
Token(IDENTIFIER           'float_tok')
Token(SEPARATOR            '=')
Token(IDENTIFIER           'self')
Token(OPERATOR             '.')
Token(IDENTIFIER           '_read_leading_dot_float')
Token(SEPARATOR            '(')
Token(SEPARATOR            ')')
Token(CONTROL_FLOW         'if')
Token(IDENTIFIER           'float_tok')
Token(SEPARATOR            ':')
Token(IDENTIFIER           'self')
Token(OPERATOR             '.')
Token(IDENTIFIER           'tokens')
Token(OPERATOR             '.')
Token(IDENTIFIER           'append')
Token(SEPARATOR            '(')
Token(IDENTIFIER           'float_tok')
Token(SEPARATOR            ')')
Token(CONTROL_FLOW         'else')
Token(SEPARATOR            ':')
Token(IDENTIFIER           'self')
Token(OPERATOR             '.')
Token(IDENTIFIER           'tokens')
Token(OPERATOR             '.')
Token(IDENTIFIER           'append')
Token(SEPARATOR            '(')
Token(IDENTIFIER           'Token')
Token(SEPARATOR            '(')
Token(IDENTIFIER           'TokenType')
Token(OPERATOR             '.')
Token(IDENTIFIER           'OPERATOR')
Token(SEPARATOR            ',')
Token(SEPARATOR            '"')
Token(STRING               '.')
Token(SEPARATOR            '"')
Token(SEPARATOR            ')')
Token(SEPARATOR            ')')
Token(CONTROL_FLOW         'continue')
Token(IDENTIFIER           'tok')
Token(SEPARATOR            '=')
Token(IDENTIFIER           'self')
Token(OPERATOR             '.')
Token(IDENTIFIER           '_lex_symbol')
Token(SEPARATOR            '(')
Token(IDENTIFIER           'ch')
Token(SEPARATOR            ')')
Token(CONTROL_FLOW         'if')
Token(IDENTIFIER           'tok')
Token(SEPARATOR            ':')
Token(IDENTIFIER           'self')
Token(OPERATOR             '.')
Token(IDENTIFIER           'tokens')
Token(OPERATOR             '.')
Token(IDENTIFIER           'append')
Token(SEPARATOR            '(')
Token(IDENTIFIER           'tok')
Token(SEPARATOR            ')')
Token(IDENTIFIER           'self')
Token(OPERATOR             '.')
Token(IDENTIFIER           'tokens')
Token(OPERATOR             '.')
Token(IDENTIFIER           'append')
Token(SEPARATOR            '(')
Token(IDENTIFIER           'Token')
Token(SEPARATOR            '(')
Token(IDENTIFIER           'TokenType')
Token(OPERATOR             '.')
Token(IDENTIFIER           'SPECIAL')
Token(SEPARATOR            ',')
Token(SEPARATOR            '"')
Token(STRING               'EOF')
Token(SEPARATOR            '"')
Token(SEPARATOR            ')')
Token(SEPARATOR            ')')
Token(CONTROL_FLOW         'return')
Token(IDENTIFIER           'self')
Token(OPERATOR             '.')
Token(IDENTIFIER           'tokens')
Token(IDENTIFIER           'def')
Token(IDENTIFIER           'lex_file')
Token(SEPARATOR            '(')
Token(IDENTIFIER           'path')
Token(SEPARATOR            ':')
Token(IDENTIFIER           'str')
Token(SEPARATOR            ',')
Token(IDENTIFIER           'keyword_file')
Token(SEPARATOR            ':')
Token(IDENTIFIER           'str')
Token(OPERATOR             '|')
Token(IDENTIFIER           'None')
Token(SEPARATOR            '=')
Token(IDENTIFIER           '_DEFAULT_KW')
Token(SEPARATOR            ')')
Token(OPERATOR             '->')
Token(IDENTIFIER           'list')
Token(SEPARATOR            '[')
Token(IDENTIFIER           'Token')
Token(SEPARATOR            ']')
Token(SEPARATOR            ':')
Token(IDENTIFIER           'with')
Token(IDENTIFIER           'open')
Token(SEPARATOR            '(')
Token(IDENTIFIER           'path')
Token(SEPARATOR            ',')
Token(IDENTIFIER           'encoding')
Token(SEPARATOR            '=')
Token(SEPARATOR            '"')
Token(STRING               'utf-8')
Token(SEPARATOR            '"')
Token(SEPARATOR            ')')
Token(IDENTIFIER           'as')
Token(IDENTIFIER           'f')
Token(SEPARATOR            ':')
Token(IDENTIFIER           'source')
Token(SEPARATOR            '=')
Token(IDENTIFIER           'f')
Token(OPERATOR             '.')
Token(IDENTIFIER           'read')
Token(SEPARATOR            '(')
Token(SEPARATOR            ')')
Token(CONTROL_FLOW         'return')
Token(IDENTIFIER           'Lexer')
Token(SEPARATOR            '(')
Token(IDENTIFIER           'source')
Token(SEPARATOR            ',')
Token(IDENTIFIER           'keyword_file')
Token(SEPARATOR            ')')
Token(OPERATOR             '.')
Token(IDENTIFIER           'tokenize')
Token(SEPARATOR            '(')
Token(SEPARATOR            ')')
Token(IDENTIFIER           'def')
Token(IDENTIFIER           'lex_string')
Token(SEPARATOR            '(')
Token(IDENTIFIER           'source')
Token(SEPARATOR            ':')
Token(IDENTIFIER           'str')
Token(SEPARATOR            ',')
Token(IDENTIFIER           'keyword_file')
Token(SEPARATOR            ':')
Token(IDENTIFIER           'str')
Token(OPERATOR             '|')
Token(IDENTIFIER           'None')
Token(SEPARATOR            '=')
Token(IDENTIFIER           '_DEFAULT_KW')
Token(SEPARATOR            ')')
Token(OPERATOR             '->')
Token(IDENTIFIER           'list')
Token(SEPARATOR            '[')
Token(IDENTIFIER           'Token')
Token(SEPARATOR            ']')
Token(SEPARATOR            ':')
Token(CONTROL_FLOW         'return')
Token(IDENTIFIER           'Lexer')
Token(SEPARATOR            '(')
Token(IDENTIFIER           'source')
Token(SEPARATOR            ',')
Token(IDENTIFIER           'keyword_file')
Token(SEPARATOR            ')')
Token(OPERATOR             '.')
Token(IDENTIFIER           'tokenize')
Token(SEPARATOR            '(')
Token(SEPARATOR            ')')
Token(CONTROL_FLOW         'if')
Token(IDENTIFIER           '__name__')
Token(SEPARATOR            '==')
Token(SEPARATOR            '"')
Token(STRING               '__main__')
Token(SEPARATOR            '"')
Token(SEPARATOR            ':')
Token(IDENTIFIER           'sample')
Token(SEPARATOR            '=')
Token(IDENTIFIER           'r')
Token(SEPARATOR            '"')
Token(STRING               '')
Token(SEPARATOR            '"')
Token(SEPARATOR            '"')
Token(STRING               "\n    #include <stdio.h>\n\n    /* compute factorial */\n    int factorial(int n) {\n        if (n <= 1) return 1;          // base case\n        return n * factorial(n - 1);\n    }\n\n    int main(void) {\n        float pi   = 3.14159f;\n        double big = 1.5e10;\n        int   hex  = 0xFF;\n        int   oct  = 0777;\n        int   bits = hex >> 2;\n        char  c    = '\\n';\n        char *msg  = ")
Token(SEPARATOR            '"')
Token(IDENTIFIER           'hello')
Token(SEPARATOR            ',')
Token(IDENTIFIER           'world')
Token(SEPARATOR            '"')
Token(STRING               ';\n\n        printf(')
Token(SEPARATOR            '"')
Token(OPERATOR             '%')
Token(IDENTIFIER           'd')
Token(IDENTIFIER           'n')
Token(SEPARATOR            '"')
Token(STRING               ', factorial(5));\n        return 0;\n    }\n    ')
Token(SEPARATOR            '"')
Token(SEPARATOR            '"')
Token(STRING               '')
Token(SEPARATOR            '"')
Token(IDENTIFIER           'input')
Token(SEPARATOR            '=')
Token(IDENTIFIER           'open')
Token(SEPARATOR            '(')
Token(SEPARATOR            '"')
Token(STRING               'input.in')
Token(SEPARATOR            '"')
Token(SEPARATOR            ')')
Token(OPERATOR             '.')
Token(IDENTIFIER           'read')
Token(SEPARATOR            '(')
Token(SEPARATOR            ')')
Token(IDENTIFIER           'output')
Token(SEPARATOR            '=')
Token(IDENTIFIER           'open')
Token(SEPARATOR            '(')
Token(SEPARATOR            '"')
Token(STRING               'output.out')
Token(SEPARATOR            '"')
Token(SEPARATOR            ',')
Token(SEPARATOR            '"')
Token(STRING               'w')
Token(SEPARATOR            '"')
Token(SEPARATOR            ')')
Token(IDENTIFIER           'tokens')
Token(SEPARATOR            '=')
Token(IDENTIFIER           'lex_string')
Token(SEPARATOR            '(')
Token(IDENTIFIER           'input')
Token(SEPARATOR            ')')
Token(CONTROL_FLOW         'for')
Token(IDENTIFIER           'tok')
Token(IDENTIFIER           'in')
Token(IDENTIFIER           'tokens')
Token(SEPARATOR            ':')
Token(IDENTIFIER           'print')
Token(SEPARATOR            '(')
Token(IDENTIFIER           'tok')
Token(SEPARATOR            ',')
Token(IDENTIFIER           'file')
Token(SEPARATOR            '=')
Token(IDENTIFIER           'output')
Token(SEPARATOR            ')')
Token(SPECIAL              'EOF')
